
   FAIL  Tests\Feature\Manager\TripExpenseTest
  ⨯ manager can record expense on own trip                               0.70s  
  ✓ manager cannot record expense on another managers trip               0.10s  
  ✓ manager can approve a pending expense                                0.07s  
  ✓ cannot approve an already approved expense                           0.08s  
  ✓ cannot approve a rejected expense                                    0.08s  
  ✓ manager can reject a pending expense                                 0.07s  
  ✓ cannot reject an already rejected expense                            0.09s  
  ✓ cannot reject an approved expense                                    0.06s  
  ✓ manager cannot approve expense on another managers trip              0.05s  

   FAIL  Tests\Feature\Manager\TripPaymentTest
  ⨯ manager can record payment on own trip                               0.11s  
  ✓ manager cannot record payment on another managers trip               0.06s  
  ✓ payment store validates required fields                              0.06s  
  ✓ payment store rejects non existent payment method                    0.06s  
  ────────────────────────────────────────────────────────────────────────────  
   FAILED  Tests\Feature\Manager\TripExpenseTest > manager can record expens…   
  Expected response status code [200] but received 500.
Failed asserting that 500 is identical to 200.

The following exception occurred during the last request:

RuntimeException: Expenses can only be added when trip is in transit or completed. in /home/noob/projects/transport-management-system/app/Modules/Trip/Services/ExpenseService.php:26
Stack trace:
#0 /home/noob/projects/transport-management-system/vendor/laravel/framework/src/Illuminate/Database/Concerns/ManagesTransactions.php(35): App\Modules\Trip\Services\ExpenseService->App\Modules\Trip\Services\{closure}()
#1 /home/noob/projects/transport-management-system/vendor/laravel/framework/src/Illuminate/Database/DatabaseManager.php(491): Illuminate\Database\Connection->transaction()
#2 /home/noob/projects/transport-management-system/vendor/laravel/framework/src/Illuminate/Support/Facades/Facade.php(363): Illuminate\Database\DatabaseManager->__call()
#3 /home/noob/projects/transport-management-system/app/Modules/Trip/Services/ExpenseService.php(22): Illuminate\Support\Facades\Facade::__callStatic()
#4 /home/noob/projects/transport-management-system/app/Modules/Trip/Actions/RecordExpenseAction.php(17): App\Modules\Trip\Services\ExpenseService->record()
#5 /home/noob/projects/transport-management-system/app/Modules/Manager/Http/Controllers/Trip/TripExpenseController.php(41): App\Modules\Trip\Actions\RecordExpenseAction->__invoke()
#6 /home/noob/projects/transport-management-system/vendor/laravel/framework/src/Illuminate/Routing/Controller.php(54): App\Modules\Manager\Http\Controllers\Trip\TripExpenseController->store()
#7 /home/noob/projects/transport-management-system/vendor/laravel/framework/src/Illuminate/Routing/ControllerDispatcher.php(43): Illuminate\Routing\Controller->callAction()
#8 /home/noob/projects/transport-management-system/vendor/laravel/framework/src/Illuminate/Routing/Route.php(265): Illuminate\Routing\ControllerDispatcher->dispatch()
#9 /home/noob/projects/transport-management-system/vendor/laravel/framework/src/Illuminate/Routing/Route.php(211): Illuminate\Routing\Route->runController()
#10 /home/noob/projects/transport-management-system/vendor/laravel/framework/src/Illuminate/Routing/Router.php(822): Illuminate\Routing\Route->run()
#11 /home/noob/projects/transport-management-system/vendor/laravel/framework/src/Illuminate/Pipeline/Pipeline.php(180): Illuminate\Routing\Router->Illuminate\Routing\{closure}()
#12 /home/noob/projects/transport-management-system/app/Http/Middleware/RoleMiddleware.php(29): Illuminate\Pipeline\Pipeline->Illuminate\Pipeline\{closure}()
#13 /home/noob/projects/transport-management-system/vendor/laravel/framework/src/Illuminate/Pipeline/Pipeline.php(219): App\Http\Middleware\RoleMiddleware->handle()
#14 /home/noob/projects/transport-management-system/vendor/laravel/framework/src/Illuminate/Auth/Middleware/EnsureEmailIsVerified.php(41): Illuminate\Pipeline\Pipeline->Illuminate\Pipeline\{closure}()
#15 /home/noob/projects/transport-management-system/vendor/laravel/framework/src/Illuminate/Pipeline/Pipeline.php(219): Illuminate\Auth\Middleware\EnsureEmailIsVerified->handle()
#16 /home/noob/projects/transport-management-system/vendor/laravel/framework/src/Illuminate/Routing/Middleware/SubstituteBindings.php(50): Illuminate\Pipeline\Pipeline->Illuminate\Pipeline\{closure}()
#17 /home/noob/projects/transport-management-system/vendor/laravel/framework/src/Illuminate/Pipeline/Pipeline.php(219): Illuminate\Routing\Middleware\SubstituteBindings->handle()
#18 /home/noob/projects/transport-management-system/vendor/laravel/framework/src/Illuminate/Routing/Middleware/ThrottleRequests.php(166): Illuminate\Pipeline\Pipeline->Illuminate\Pipeline\{closure}()
#19 /home/noob/projects/transport-management-system/vendor/laravel/framework/src/Illuminate/Routing/Middleware/ThrottleRequests.php(93): Illuminate\Routing\Middleware\ThrottleRequests->handleRequest()
#20 /home/noob/projects/transport-management-system/vendor/laravel/framework/src/Illuminate/Pipeline/Pipeline.php(219): Illuminate\Routing\Middleware\ThrottleRequests->handle()
#21 /home/noob/projects/transport-management-system/vendor/laravel/framework/src/Illuminate/Auth/Middleware/Authenticate.php(63): Illuminate\Pipeline\Pipeline->Illuminate\Pipeline\{closure}()
#22 /home/noob/projects/transport-management-system/vendor/laravel/framework/src/Illuminate/Pipeline/Pipeline.php(219): Illuminate\Auth\Middleware\Authenticate->handle()
#23 /home/noob/projects/transport-management-system/vendor/laravel/framework/src/Illuminate/Foundation/Http/Middleware/VerifyCsrfToken.php(87): Illuminate\Pipeline\Pipeline->Illuminate\Pipeline\{closure}()
#24 /home/noob/projects/transport-management-system/vendor/laravel/framework/src/Illuminate/Pipeline/Pipeline.php(219): Illuminate\Foundation\Http\Middleware\VerifyCsrfToken->handle()
#25 /home/noob/projects/transport-management-system/vendor/laravel/framework/src/Illuminate/View/Middleware/ShareErrorsFromSession.php(48): Illuminate\Pipeline\Pipeline->Illuminate\Pipeline\{closure}()
#26 /home/noob/projects/transport-management-system/vendor/laravel/framework/src/Illuminate/Pipeline/Pipeline.php(219): Illuminate\View\Middleware\ShareErrorsFromSession->handle()
#27 /home/noob/projects/transport-management-system/vendor/laravel/framework/src/Illuminate/Session/Middleware/StartSession.php(120): Illuminate\Pipeline\Pipeline->Illuminate\Pipeline\{closure}()
#28 /home/noob/projects/transport-management-system/vendor/laravel/framework/src/Illuminate/Session/Middleware/StartSession.php(63): Illuminate\Session\Middleware\StartSession->handleStatefulRequest()
#29 /home/noob/projects/transport-management-system/vendor/laravel/framework/src/Illuminate/Pipeline/Pipeline.php(219): Illuminate\Session\Middleware\StartSession->handle()
#30 /home/noob/projects/transport-management-system/vendor/laravel/framework/src/Illuminate/Cookie/Middleware/AddQueuedCookiesToResponse.php(36): Illuminate\Pipeline\Pipeline->Illuminate\Pipeline\{closure}()
#31 /home/noob/projects/transport-management-system/vendor/laravel/framework/src/Illuminate/Pipeline/Pipeline.php(219): Illuminate\Cookie\Middleware\AddQueuedCookiesToResponse->handle()
#32 /home/noob/projects/transport-management-system/vendor/laravel/framework/src/Illuminate/Cookie/Middleware/EncryptCookies.php(74): Illuminate\Pipeline\Pipeline->Illuminate\Pipeline\{closure}()
#33 /home/noob/projects/transport-management-system/vendor/laravel/framework/src/Illuminate/Pipeline/Pipeline.php(219): Illuminate\Cookie\Middleware\EncryptCookies->handle()
#34 /home/noob/projects/transport-management-system/vendor/laravel/framework/src/Illuminate/Pipeline/Pipeline.php(137): Illuminate\Pipeline\Pipeline->Illuminate\Pipeline\{closure}()
#35 /home/noob/projects/transport-management-system/vendor/laravel/framework/src/Illuminate/Routing/Router.php(821): Illuminate\Pipeline\Pipeline->then()
#36 /home/noob/projects/transport-management-system/vendor/laravel/framework/src/Illuminate/Routing/Router.php(800): Illuminate\Routing\Router->runRouteWithinStack()
#37 /home/noob/projects/transport-management-system/vendor/laravel/framework/src/Illuminate/Routing/Router.php(764): Illuminate\Routing\Router->runRoute()
#38 /home/noob/projects/transport-management-system/vendor/laravel/framework/src/Illuminate/Routing/Router.php(753): Illuminate\Routing\Router->dispatchToRoute()
#39 /home/noob/projects/transport-management-system/vendor/laravel/framework/src/Illuminate/Foundation/Http/Kernel.php(200): Illuminate\Routing\Router->dispatch()
#40 /home/noob/projects/transport-management-system/vendor/laravel/framework/src/Illuminate/Pipeline/Pipeline.php(180): Illuminate\Foundation\Http\Kernel->Illuminate\Foundation\Http\{closure}()
#41 /home/noob/projects/transport-management-system/vendor/laravel/framework/src/Illuminate/Foundation/Http/Middleware/TransformsRequest.php(21): Illuminate\Pipeline\Pipeline->Illuminate\Pipeline\{closure}()
#42 /home/noob/projects/transport-management-system/vendor/laravel/framework/src/Illuminate/Foundation/Http/Middleware/ConvertEmptyStringsToNull.php(31): Illuminate\Foundation\Http\Middleware\TransformsRequest->handle()
#43 /home/noob/projects/transport-management-system/vendor/laravel/framework/src/Illuminate/Pipeline/Pipeline.php(219): Illuminate\Foundation\Http\Middleware\ConvertEmptyStringsToNull->handle()
#44 /home/noob/projects/transport-management-system/vendor/laravel/framework/src/Illuminate/Foundation/Http/Middleware/TransformsRequest.php(21): Illuminate\Pipeline\Pipeline->Illuminate\Pipeline\{closure}()
#45 /home/noob/projects/transport-management-system/vendor/laravel/framework/src/Illuminate/Foundation/Http/Middleware/TrimStrings.php(51): Illuminate\Foundation\Http\Middleware\TransformsRequest->handle()
#46 /home/noob/projects/transport-management-system/vendor/laravel/framework/src/Illuminate/Pipeline/Pipeline.php(219): Illuminate\Foundation\Http\Middleware\TrimStrings->handle()
#47 /home/noob/projects/transport-management-system/vendor/laravel/framework/src/Illuminate/Http/Middleware/ValidatePostSize.php(27): Illuminate\Pipeline\Pipeline->Illuminate\Pipeline\{closure}()
#48 /home/noob/projects/transport-management-system/vendor/laravel/framework/src/Illuminate/Pipeline/Pipeline.php(219): Illuminate\Http\Middleware\ValidatePostSize->handle()
#49 /home/noob/projects/transport-management-system/vendor/laravel/framework/src/Illuminate/Foundation/Http/Middleware/PreventRequestsDuringMaintenance.php(109): Illuminate\Pipeline\Pipeline->Illuminate\Pipeline\{closure}()
#50 /home/noob/projects/transport-management-system/vendor/laravel/framework/src/Illuminate/Pipeline/Pipeline.php(219): Illuminate\Foundation\Http\Middleware\PreventRequestsDuringMaintenance->handle()
#51 /home/noob/projects/transport-management-system/vendor/laravel/framework/src/Illuminate/Http/Middleware/HandleCors.php(61): Illuminate\Pipeline\Pipeline->Illuminate\Pipeline\{closure}()
#52 /home/noob/projects/transport-management-system/vendor/laravel/framework/src/Illuminate/Pipeline/Pipeline.php(219): Illuminate\Http\Middleware\HandleCors->handle()
#53 /home/noob/projects/transport-management-system/vendor/laravel/framework/src/Illuminate/Http/Middleware/TrustProxies.php(58): Illuminate\Pipeline\Pipeline->Illuminate\Pipeline\{closure}()
#54 /home/noob/projects/transport-management-system/vendor/laravel/framework/src/Illuminate/Pipeline/Pipeline.php(219): Illuminate\Http\Middleware\TrustProxies->handle()
#55 /home/noob/projects/transport-management-system/vendor/laravel/framework/src/Illuminate/Foundation/Http/Middleware/InvokeDeferredCallbacks.php(22): Illuminate\Pipeline\Pipeline->Illuminate\Pipeline\{closure}()
#56 /home/noob/projects/transport-management-system/vendor/laravel/framework/src/Illuminate/Pipeline/Pipeline.php(219): Illuminate\Foundation\Http\Middleware\InvokeDeferredCallbacks->handle()
#57 /home/noob/projects/transport-management-system/vendor/laravel/framework/src/Illuminate/Http/Middleware/ValidatePathEncoding.php(26): Illuminate\Pipeline\Pipeline->Illuminate\Pipeline\{closure}()
#58 /home/noob/projects/transport-management-system/vendor/laravel/framework/src/Illuminate/Pipeline/Pipeline.php(219): Illuminate\Http\Middleware\ValidatePathEncoding->handle()
#59 /home/noob/projects/transport-management-system/vendor/laravel/framework/src/Illuminate/Pipeline/Pipeline.php(137): Illuminate\Pipeline\Pipeline->Illuminate\Pipeline\{closure}()
#60 /home/noob/projects/transport-management-system/vendor/laravel/framework/src/Illuminate/Foundation/Http/Kernel.php(175): Illuminate\Pipeline\Pipeline->then()
#61 /home/noob/projects/transport-management-system/vendor/laravel/framework/src/Illuminate/Foundation/Http/Kernel.php(144): Illuminate\Foundation\Http\Kernel->sendRequestThroughRouter()
#62 /home/noob/projects/transport-management-system/vendor/laravel/framework/src/Illuminate/Foundation/Testing/Concerns/MakesHttpRequests.php(607): Illuminate\Foundation\Http\Kernel->handle()
#63 /home/noob/projects/transport-management-system/vendor/laravel/framework/src/Illuminate/Foundation/Testing/Concerns/MakesHttpRequests.php(573): Illuminate\Foundation\Testing\TestCase->call()
#64 /home/noob/projects/transport-management-system/vendor/laravel/framework/src/Illuminate/Foundation/Testing/Concerns/MakesHttpRequests.php(411): Illuminate\Foundation\Testing\TestCase->json()
#65 /home/noob/projects/transport-management-system/tests/Feature/Manager/TripExpenseTest.php(51): Illuminate\Foundation\Testing\TestCase->postJson()
#66 /home/noob/projects/transport-management-system/vendor/phpunit/phpunit/src/Framework/TestCase.php(1667): Tests\Feature\Manager\TripExpenseTest->test_manager_can_record_expense_on_own_trip()
#67 /home/noob/projects/transport-management-system/vendor/phpunit/phpunit/src/Framework/TestCase.php(519): PHPUnit\Framework\TestCase->runTest()
#68 /home/noob/projects/transport-management-system/vendor/phpunit/phpunit/src/Framework/TestRunner/TestRunner.php(87): PHPUnit\Framework\TestCase->runBare()
#69 /home/noob/projects/transport-management-system/vendor/phpunit/phpunit/src/Framework/TestCase.php(365): PHPUnit\Framework\TestRunner->run()
#70 /home/noob/projects/transport-management-system/vendor/phpunit/phpunit/src/Framework/TestSuite.php(369): PHPUnit\Framework\TestCase->run()
#71 /home/noob/projects/transport-management-system/vendor/phpunit/phpunit/src/Framework/TestSuite.php(369): PHPUnit\Framework\TestSuite->run()
#72 /home/noob/projects/transport-management-system/vendor/phpunit/phpunit/src/TextUI/TestRunner.php(64): PHPUnit\Framework\TestSuite->run()
#73 /home/noob/projects/transport-management-system/vendor/phpunit/phpunit/src/TextUI/Application.php(211): PHPUnit\TextUI\TestRunner->run()
#74 /home/noob/projects/transport-management-system/vendor/phpunit/phpunit/phpunit(104): PHPUnit\TextUI\Application->run()
#75 {main}

----------------------------------------------------------------------------------

Expenses can only be added when trip is in transit or completed.

  at tests/Feature/Manager/TripExpenseTest.php:52
     48▕         ];
     49▕ 
     50▕         $this->actingAs($manager)
     51▕             ->postJson(route('manager.trips.expenses.store', $trip), $payload)
  ➜  52▕             ->assertOk()
     53▕             ->assertJsonStructure(['message', 'expense']);
     54▕ 
     55▕         $this->assertDatabaseHas('trip_expenses', ['trip_id' => $trip->id, 'amount' => 750.00]);
     56▕     }

  ────────────────────────────────────────────────────────────────────────────  
   FAILED  Tests\Feature\Manager\TripPaymentTest > manager can record paymen…   
  Expected response status code [200] but received 404.
Failed asserting that 404 is identical to 200.

  at tests/Feature/Manager/TripPaymentTest.php:37
     33▕         $method  = PaymentMethod::query()->create(['name' => 'Bank Transfer']);
     34▕ 
     35▕         $this->actingAs($manager)
     36▕             ->postJson(route('manager.trips.payments.store', $trip), $this->paymentPayload($method->id, $trip->ulid, $trip->client_id))
  ➜  37▕             ->assertOk()
     38▕             ->assertJsonStructure(['message', 'payment']);
     39▕ 
     40▕         $this->assertDatabaseHas('payments', ['trip_id' => $trip->id, 'amount' => 2000.00]);
     41▕     }


  Tests:    2 failed, 11 passed (25 assertions)
  Duration: 1.69s

